
> Configure project :
Fabric Loom: 1.13.6
Fabric Loom: 1.13.6
Fabric Loom: 1.13.6
Fabric Loom: 1.13.6
Fabric Loom: 1.13.6

> Task :compileJava NO-SOURCE
> Task :processResources NO-SOURCE
> Task :classes UP-TO-DATE
> Task :jar UP-TO-DATE
> Task :processIncludeJars UP-TO-DATE
> Task :remapJar UP-TO-DATE
> Task :remapSourcesJar SKIPPED
> Task :assemble UP-TO-DATE
> Task :validateAccessWidener NO-SOURCE
> Task :check
> Task :build
> Task :piggy-lib:compileJava UP-TO-DATE
> Task :piggy-lib:processResources UP-TO-DATE
> Task :piggy-lib:classes UP-TO-DATE
> Task :piggy-lib:jar UP-TO-DATE
> Task :piggy-admin:compileJava UP-TO-DATE
> Task :piggy-admin:processResources UP-TO-DATE
> Task :piggy-admin:classes UP-TO-DATE
> Task :piggy-admin:compileClientJava UP-TO-DATE
> Task :piggy-admin:processClientResources NO-SOURCE
> Task :piggy-admin:jar UP-TO-DATE
> Task :piggy-admin:processIncludeJars UP-TO-DATE
> Task :piggy-admin:remapJar UP-TO-DATE
> Task :piggy-admin:sourcesJar UP-TO-DATE
> Task :piggy-admin:remapSourcesJar UP-TO-DATE
> Task :piggy-admin:assemble UP-TO-DATE
> Task :piggy-admin:validateAccessWidener NO-SOURCE
> Task :piggy-admin:check
> Task :piggy-admin:build
> Task :piggy-build:compileJava NO-SOURCE
> Task :piggy-build:processResources UP-TO-DATE
> Task :piggy-build:classes UP-TO-DATE
> Task :piggy-build:compileClientJava UP-TO-DATE
> Task :piggy-build:processClientResources UP-TO-DATE
> Task :piggy-build:jar UP-TO-DATE
> Task :piggy-build:processIncludeJars UP-TO-DATE
> Task :piggy-build:remapJar UP-TO-DATE
> Task :piggy-build:sourcesJar UP-TO-DATE
> Task :piggy-build:remapSourcesJar UP-TO-DATE
> Task :piggy-build:assemble UP-TO-DATE
> Task :piggy-build:validateAccessWidener NO-SOURCE
> Task :piggy-build:check
> Task :piggy-build:build
> Task :piggy-inventory:compileJava UP-TO-DATE
> Task :piggy-inventory:processResources UP-TO-DATE
> Task :piggy-inventory:classes UP-TO-DATE
> Task :piggy-inventory:compileClientJava UP-TO-DATE
> Task :piggy-inventory:processClientResources UP-TO-DATE
> Task :piggy-inventory:jar UP-TO-DATE
> Task :piggy-inventory:processIncludeJars UP-TO-DATE
> Task :piggy-inventory:remapJar UP-TO-DATE
> Task :piggy-inventory:sourcesJar UP-TO-DATE
> Task :piggy-inventory:remapSourcesJar UP-TO-DATE
> Task :piggy-inventory:assemble UP-TO-DATE
> Task :piggy-inventory:validateAccessWidener NO-SOURCE
> Task :piggy-inventory:check
> Task :piggy-inventory:build
> Task :piggy-lib:processIncludeJars UP-TO-DATE
> Task :piggy-lib:remapJar UP-TO-DATE
> Task :piggy-lib:sourcesJar UP-TO-DATE
> Task :piggy-lib:remapSourcesJar UP-TO-DATE
> Task :piggy-lib:assemble UP-TO-DATE
> Task :piggy-lib:validateAccessWidener NO-SOURCE
> Task :piggy-lib:check
> Task :piggy-lib:build

BUILD SUCCESSFUL in 724ms
35 actionable tasks: 35 up-to-date
